llm_brier_mix_qwen4b                   b100  pop 0.246 pilot 0.326 -> anchor     z  +1.4 ok  chosen/best 1.015 stable 4/4
llm_brier_mix_qwen4b                   b200  pop 0.246 pilot 0.312 -> anchor     z  -4.0 ok  chosen/best 1.000 stable 4/4
llm_brier_mix_qwen4b                   b400  pop 0.246 pilot 0.263 -> anchor     z  -4.1 ok  chosen/best 1.000 stable 4/4
llm_brier_mix_phi                      b100  pop 0.099 pilot 0.150 -> mean_blend z  -0.0 ok  chosen/best 1.000 stable 4/4
llm_brier_mix_phi                      b200  pop 0.099 pilot 0.079 -> mean_blend z  +0.6 ok  chosen/best 1.000 stable 4/4
llm_brier_mix_phi                      b400  pop 0.099 pilot 0.131 -> mean_blend z  -1.4 ok  chosen/best 1.021 stable 4/4
llm_brier_mix_granite                  b100  pop 0.326 pilot 0.355 -> anchor     z  -4.4 ok  chosen/best 1.000 stable 4/4
llm_brier_mix_granite                  b200  pop 0.326 pilot 0.349 -> anchor     z  -4.9 ok  chosen/best 1.000 stable 4/4
llm_brier_mix_granite                  b400  pop 0.326 pilot 0.347 -> anchor     z  -9.0 ok  chosen/best 1.000 stable 4/4
llm_brier_mix_mistral24b               b100  pop 0.292 pilot 0.376 -> anchor     z  -6.5 ok  chosen/best 1.000 stable 4/4
llm_brier_mix_mistral24b               b200  pop 0.292 pilot 0.352 -> anchor     z  -9.0 ok  chosen/best 1.000 stable 4/4
llm_brier_mix_mistral24b               b400  pop 0.292 pilot 0.358 -> anchor     z -10.3 ok  chosen/best 1.000 stable 4/4
llm_brier_mix_qwen32b                  b100  pop 0.163 pilot 0.247 -> anchor     z  +1.3 ok  chosen/best 1.019 stable 4/4
llm_brier_mix_qwen32b                  b200  pop 0.163 pilot 0.235 -> anchor     z  -1.3 ok  chosen/best 1.000 stable 4/4
llm_brier_mix_qwen32b                  b400  pop 0.163 pilot 0.238 -> anchor     z  -2.0 ok  chosen/best 1.000 stable 4/4
llm_brier_mix_glm32b                   b100  pop 0.278 pilot 0.261 -> anchor     z  -3.6 ok  chosen/best 1.000 stable 3/4
llm_brier_mix_glm32b                   b200  pop 0.278 pilot 0.351 -> anchor     z  -5.7 ok  chosen/best 1.000 stable 4/4
llm_brier_mix_glm32b                   b400  pop 0.278 pilot 0.364 -> anchor     z  -7.6 ok  chosen/best 1.000 stable 4/4
llm_brier_mix_hs_qwen4b                b100  pop 0.291 pilot 0.256 -> anchor     z  -7.6 ok  chosen/best 1.000 stable 4/4
llm_brier_mix_hs_qwen4b                b200  pop 0.291 pilot 0.242 -> anchor     z  -8.6 ok  chosen/best 1.000 stable 4/4
llm_brier_mix_hs_qwen4b                b400  pop 0.291 pilot 0.247 -> anchor     z -11.8 ok  chosen/best 1.000 stable 4/4
llm_brier_mix_hs_phi                   b100  pop 0.084 pilot 0.139 -> mean_blend z  +1.0 ok  chosen/best 1.000 stable 4/4
llm_brier_mix_hs_phi                   b200  pop 0.084 pilot 0.072 -> mean_blend z  +2.4 ok  chosen/best 1.000 stable 4/4
llm_brier_mix_hs_phi                   b400  pop 0.084 pilot 0.101 -> mean_blend z  +2.2 ok  chosen/best 1.000 stable 4/4
llm_brier_mix_hs_qwen32b               b100  pop 0.237 pilot 0.354 -> anchor     z  +2.0 ok  chosen/best 1.035 stable 4/4
llm_brier_mix_hs_qwen32b               b200  pop 0.237 pilot 0.313 -> anchor     z  -2.0 ok  chosen/best 1.000 stable 4/4
llm_brier_mix_hs_qwen32b               b400  pop 0.237 pilot 0.276 -> anchor     z  -4.4 ok  chosen/best 1.000 stable 4/4
llm_confident_mix_qwen4b               b100  pop 0.267 pilot 0.357 -> anchor     z  -2.6 ok  chosen/best 1.000 stable 4/4
llm_confident_mix_qwen4b               b200  pop 0.267 pilot 0.345 -> anchor     z  -4.9 ok  chosen/best 1.000 stable 4/4
llm_confident_mix_qwen4b               b400  pop 0.267 pilot 0.280 -> anchor     z  -5.6 ok  chosen/best 1.000 stable 4/4
llm_confident_mix_qwen4b               b800  pop 0.267 pilot 0.318 -> anchor     z  -7.4 ok  chosen/best 1.000 stable 4/4
llm_confident_mix_phi                  b100  pop 0.161 pilot 0.205 -> mean_blend z  -0.8 ok  chosen/best 1.011 stable 3/4
llm_confident_mix_phi                  b200  pop 0.161 pilot 0.206 -> mean_blend z  -2.2 BAD chosen/best 1.028 stable 0/4
llm_confident_mix_phi                  b400  pop 0.161 pilot 0.197 -> mean_blend z  -3.6 BAD chosen/best 1.045 stable 3/4
llm_confident_mix_phi                  b800  pop 0.161 pilot 0.206 -> mean_blend z  -6.5 BAD chosen/best 1.063 stable 2/4
llm_confident_mix_granite              b100  pop 0.348 pilot 0.388 -> anchor     z  -6.5 ok  chosen/best 1.000 stable 4/4
llm_confident_mix_granite              b200  pop 0.348 pilot 0.410 -> anchor     z  -8.3 ok  chosen/best 1.000 stable 4/4
llm_confident_mix_granite              b400  pop 0.348 pilot 0.372 -> anchor     z -11.1 ok  chosen/best 1.000 stable 4/4
llm_confident_mix_granite              b800  pop 0.348 pilot 0.377 -> anchor     z -13.5 ok  chosen/best 1.000 stable 4/4
llm_confident_mix_mistral24b           b100  pop 0.373 pilot 0.423 -> anchor     z  -4.1 ok  chosen/best 1.000 stable 4/4
llm_confident_mix_mistral24b           b200  pop 0.373 pilot 0.432 -> anchor     z  -5.5 ok  chosen/best 1.000 stable 4/4
llm_confident_mix_mistral24b           b400  pop 0.373 pilot 0.448 -> anchor     z  -6.3 ok  chosen/best 1.000 stable 4/4
llm_confident_mix_mistral24b           b800  pop 0.373 pilot 0.444 -> anchor     z  -9.5 ok  chosen/best 1.000 stable 4/4
llm_confident_mix_qwen32b              b100  pop 0.203 pilot 0.274 -> anchor     z  -2.6 ok  chosen/best 1.000 stable 4/4
llm_confident_mix_qwen32b              b200  pop 0.203 pilot 0.266 -> anchor     z  -4.5 ok  chosen/best 1.000 stable 4/4
llm_confident_mix_qwen32b              b400  pop 0.203 pilot 0.288 -> anchor     z  -4.8 ok  chosen/best 1.000 stable 4/4
llm_confident_mix_qwen32b              b800  pop 0.203 pilot 0.219 -> anchor     z  -3.3 ok  chosen/best 1.000 stable 4/4
llm_confident_mix_glm32b               b100  pop 0.327 pilot 0.283 -> anchor     z  -3.5 ok  chosen/best 1.000 stable 4/4
llm_confident_mix_glm32b               b200  pop 0.327 pilot 0.386 -> anchor     z  -5.3 ok  chosen/best 1.000 stable 4/4
llm_confident_mix_glm32b               b400  pop 0.327 pilot 0.364 -> anchor     z  -7.2 ok  chosen/best 1.000 stable 4/4
llm_confident_mix_glm32b               b800  pop 0.327 pilot 0.345 -> anchor     z  -8.2 ok  chosen/best 1.000 stable 4/4
llm_divpred_hs_qwen4b                  b100  pop 0.302 pilot 0.304 -> anchor     z  -6.2 ok  chosen/best 1.000 stable 4/4
llm_divpred_hs_qwen4b                  b200  pop 0.302 pilot 0.237 -> anchor     z  -8.5 ok  chosen/best 1.000 stable 4/4
llm_divpred_hs_qwen4b                  b400  pop 0.302 pilot 0.284 -> anchor     z  -9.7 ok  chosen/best 1.000 stable 4/4
llm_divpred_hs_phi                     b100  pop 0.140 pilot 0.153 -> mean_blend z  +2.6 ok  chosen/best 1.000 stable 4/4
llm_divpred_hs_phi                     b200  pop 0.140 pilot 0.117 -> mean_blend z  +1.4 ok  chosen/best 1.000 stable 4/4
llm_divpred_hs_phi                     b400  pop 0.140 pilot 0.156 -> mean_blend z  -0.6 ok  chosen/best 1.007 stable 4/4
llm_divpred_hs_qwen32b                 b100  pop 0.319 pilot 0.380 -> anchor     z  -1.3 ok  chosen/best 1.000 stable 4/4
llm_divpred_hs_qwen32b                 b200  pop 0.319 pilot 0.354 -> anchor     z  -4.3 ok  chosen/best 1.000 stable 4/4
llm_divpred_hs_qwen32b                 b400  pop 0.319 pilot 0.364 -> anchor     z  -6.0 ok  chosen/best 1.000 stable 4/4
llm_divpred_cautious_qwen4b            b100  pop 0.237 pilot 0.347 -> anchor     z  -3.3 ok  chosen/best 1.000 stable 4/4
llm_divpred_cautious_qwen4b            b200  pop 0.237 pilot 0.315 -> anchor     z  -5.5 ok  chosen/best 1.000 stable 4/4
llm_divpred_cautious_qwen4b            b400  pop 0.237 pilot 0.311 -> anchor     z  -8.7 ok  chosen/best 1.000 stable 4/4
llm_divpred_cautious_qwen4b_conf       b100  pop 0.295 pilot 0.377 -> anchor     z  -3.0 ok  chosen/best 1.000 stable 4/4
llm_divpred_cautious_qwen4b_conf       b200  pop 0.295 pilot 0.293 -> anchor     z  -4.0 ok  chosen/best 1.000 stable 4/4
llm_divpred_cautious_qwen4b_conf       b400  pop 0.295 pilot 0.319 -> anchor     z  -5.3 ok  chosen/best 1.000 stable 4/4
llm_longh_qwen4b_h8                    b100  pop 0.255 pilot 0.283 -> anchor     z  -1.7 ok  chosen/best 1.000 stable 4/4
llm_longh_qwen4b_h8                    b200  pop 0.255 pilot 0.324 -> anchor     z  -1.3 ok  chosen/best 1.000 stable 4/4
llm_longh_qwen4b_h8                    b400  pop 0.255 pilot 0.320 -> anchor     z  -3.6 ok  chosen/best 1.000 stable 4/4
llm_longh_qwen4b_h10                   b100  pop 0.263 pilot 0.320 -> anchor     z  -0.8 ok  chosen/best 1.000 stable 4/4
llm_longh_qwen4b_h10                   b200  pop 0.263 pilot 0.360 -> anchor     z  -1.9 ok  chosen/best 1.000 stable 4/4
llm_longh_qwen4b_h10                   b400  pop 0.263 pilot 0.306 -> anchor     z  -1.2 ok  chosen/best 1.000 stable 4/4
llm_longh_phi_h8                       b100  pop 0.189 pilot 0.204 -> mean_blend z  -0.4 ok  chosen/best 1.005 stable 0/4
llm_longh_phi_h8                       b200  pop 0.189 pilot 0.226 -> anchor     z  -5.2 ok  chosen/best 1.000 stable 0/4
llm_longh_phi_h8                       b400  pop 0.189 pilot 0.243 -> anchor     z  -4.4 ok  chosen/best 1.000 stable 3/4
llm_longh_phi_h10                      b100  pop 0.203 pilot 0.267 -> anchor     z  -3.4 ok  chosen/best 1.000 stable 4/4
llm_longh_phi_h10                      b200  pop 0.203 pilot 0.260 -> anchor     z  -5.7 ok  chosen/best 1.000 stable 2/4
llm_longh_phi_h10                      b400  pop 0.203 pilot 0.255 -> anchor     z  -7.7 ok  chosen/best 1.000 stable 3/4
llm_longh_glm32b_h8                    b100  pop 0.362 pilot 0.379 -> anchor     z  -3.1 ok  chosen/best 1.000 stable 4/4
llm_longh_glm32b_h8                    b200  pop 0.362 pilot 0.362 -> anchor     z  -5.4 ok  chosen/best 1.000 stable 4/4
llm_longh_glm32b_h8                    b400  pop 0.362 pilot 0.402 -> anchor     z  -4.4 ok  chosen/best 1.000 stable 4/4
llm_longh_glm32b_h10                   b100  pop 0.390 pilot 0.384 -> anchor     z  -4.7 ok  chosen/best 1.000 stable 4/4
llm_longh_glm32b_h10                   b200  pop 0.390 pilot 0.354 -> anchor     z  -6.2 ok  chosen/best 1.000 stable 4/4
llm_longh_glm32b_h10                   b400  pop 0.390 pilot 0.400 -> anchor     z  -7.5 ok  chosen/best 1.000 stable 4/4
finqa_heldout_ordinary_mix             b100  pop 0.000 pilot 0.000 -> mean_blend z  +6.3 ok  chosen/best 1.000 stable 4/4
finqa_heldout_ordinary_mix             b200  pop 0.000 pilot 0.000 -> mean_blend z  +5.5 ok  chosen/best 1.000 stable 4/4
finqa_heldout_ordinary_mix             b400  pop 0.000 pilot 0.000 -> mean_blend z  +5.2 ok  chosen/best 1.000 stable 4/4
finqa_heldout_ordinary_mix             b800  pop 0.000 pilot 0.000 -> mean_blend z  +5.4 ok  chosen/best 1.000 stable 4/4
finqa_longh_qwen_ordinary              b100  pop 0.000 pilot 0.571 -> anchor     z  +6.7 BAD chosen/best 2.331 stable 0/4
finqa_longh_qwen_ordinary              b200  pop 0.000 pilot 0.552 -> anchor     z  +6.3 BAD chosen/best 1.786 stable 1/4
finqa_longh_qwen_ordinary              b400  pop 0.000 pilot 0.269 -> anchor     z  +4.9 BAD chosen/best 1.431 stable 1/4
finqa_heldout_ordinary_phi_mix         b100  pop 0.000 pilot 0.008 -> mean_blend z  +3.1 ok  chosen/best 1.000 stable 3/4
finqa_heldout_ordinary_phi_mix         b200  pop 0.000 pilot 0.086 -> mean_blend z  +1.8 ok  chosen/best 1.000 stable 4/4
finqa_heldout_ordinary_phi_mix         b400  pop 0.000 pilot 0.029 -> mean_blend z  +3.3 ok  chosen/best 1.000 stable 4/4
finqa_heldout_ordinary_phi_mix         b800  pop 0.000 pilot 0.003 -> mean_blend z  +4.0 ok  chosen/best 1.000 stable 4/4
finqa_longh_phi_ordinary               b100  pop 0.016 pilot 0.187 -> mean_blend z  +3.1 ok  chosen/best 1.000 stable 4/4
finqa_longh_phi_ordinary               b200  pop 0.016 pilot 0.177 -> mean_blend z  +1.7 ok  chosen/best 1.000 stable 4/4
finqa_longh_phi_ordinary               b400  pop 0.016 pilot 0.152 -> mean_blend z  +3.2 ok  chosen/best 1.000 stable 4/4
finqa_heldout_unitcheck_mix            b100  pop 0.000 pilot 0.000 -> mean_blend z  +6.1 ok  chosen/best 1.000 stable 4/4
finqa_heldout_unitcheck_mix            b200  pop 0.000 pilot 0.000 -> mean_blend z  +5.5 ok  chosen/best 1.000 stable 4/4
finqa_heldout_unitcheck_mix            b400  pop 0.000 pilot 0.000 -> mean_blend z  +5.3 ok  chosen/best 1.000 stable 4/4
finqa_heldout_unitcheck_mix            b800  pop 0.000 pilot 0.000 -> mean_blend z  +6.1 ok  chosen/best 1.000 stable 4/4
finqa_longh_qwen_unitcheck             b100  pop 0.000 pilot 0.000 -> mean_blend z  +7.7 ok  chosen/best 1.000 stable 3/4
finqa_longh_qwen_unitcheck             b200  pop 0.000 pilot 0.473 -> anchor     z  +6.6 BAD chosen/best 1.418 stable 1/4
finqa_longh_qwen_unitcheck             b400  pop 0.000 pilot 0.000 -> mean_blend z  +5.3 ok  chosen/best 1.000 stable 4/4
finqa_heldout_unitcheck_phi_mix        b100  pop 0.000 pilot 0.156 -> mean_blend z  +3.2 ok  chosen/best 1.000 stable 4/4
finqa_heldout_unitcheck_phi_mix        b200  pop 0.000 pilot 0.098 -> mean_blend z  +4.1 ok  chosen/best 1.000 stable 4/4
finqa_heldout_unitcheck_phi_mix        b400  pop 0.000 pilot 0.001 -> mean_blend z  +2.6 ok  chosen/best 1.000 stable 4/4
finqa_heldout_unitcheck_phi_mix        b800  pop 0.000 pilot 0.000 -> mean_blend z  +2.7 ok  chosen/best 1.000 stable 4/4
finqa_longh_phi_unitcheck              b100  pop 0.098 pilot 0.194 -> mean_blend z  +2.5 ok  chosen/best 1.000 stable 3/4
finqa_longh_phi_unitcheck              b200  pop 0.098 pilot 0.208 -> mean_blend z  -0.8 ok  chosen/best 1.011 stable 3/4
finqa_longh_phi_unitcheck              b400  pop 0.098 pilot 0.235 -> anchor     z  +0.4 ok  chosen/best 1.006 stable 0/4
finqa_toolfault_qwen_p0.01             b100  pop 0.000 pilot 0.000 -> mean_blend z  +3.6 ok  chosen/best 1.000 stable 4/4
finqa_toolfault_qwen_p0.01             b200  pop 0.000 pilot 0.000 -> mean_blend z  +7.4 ok  chosen/best 1.000 stable 4/4
finqa_toolfault_qwen_p0.01             b400  pop 0.000 pilot 0.000 -> mean_blend z  +6.5 ok  chosen/best 1.000 stable 4/4
finqa_toolfault_qwen_p0.03             b100  pop 0.000 pilot 0.000 -> mean_blend z  +4.5 ok  chosen/best 1.000 stable 4/4
finqa_toolfault_qwen_p0.03             b200  pop 0.000 pilot 0.000 -> mean_blend z  +8.4 ok  chosen/best 1.000 stable 4/4
finqa_toolfault_qwen_p0.03             b400  pop 0.000 pilot 0.000 -> mean_blend z  +7.2 ok  chosen/best 1.000 stable 4/4
finqa_toolfault_qwen_p0.1              b100  pop 0.000 pilot 0.000 -> mean_blend z  +7.2 ok  chosen/best 1.000 stable 4/4
finqa_toolfault_qwen_p0.1              b200  pop 0.000 pilot 0.000 -> mean_blend z +10.0 ok  chosen/best 1.000 stable 4/4
finqa_toolfault_qwen_p0.1              b400  pop 0.000 pilot 0.000 -> mean_blend z  +7.8 ok  chosen/best 1.000 stable 4/4
finqa_toolfault_phi_p0.01              b100  pop 0.032 pilot 0.008 -> mean_blend z  +0.5 ok  chosen/best 1.000 stable 2/4
finqa_toolfault_phi_p0.01              b200  pop 0.032 pilot 0.058 -> mean_blend z  +0.6 ok  chosen/best 1.000 stable 4/4
finqa_toolfault_phi_p0.01              b400  pop 0.032 pilot 0.004 -> mean_blend z  +2.9 ok  chosen/best 1.000 stable 4/4
finqa_toolfault_phi_p0.03              b100  pop 0.032 pilot 0.045 -> mean_blend z  +0.1 ok  chosen/best 1.000 stable 3/4
finqa_toolfault_phi_p0.03              b200  pop 0.032 pilot 0.062 -> mean_blend z  +0.7 ok  chosen/best 1.000 stable 4/4
finqa_toolfault_phi_p0.03              b400  pop 0.032 pilot 0.105 -> mean_blend z  +3.3 ok  chosen/best 1.000 stable 4/4
finqa_toolfault_phi_p0.1               b100  pop 0.031 pilot 0.133 -> mean_blend z  +0.2 ok  chosen/best 1.000 stable 3/4
finqa_toolfault_phi_p0.1               b200  pop 0.031 pilot 0.088 -> mean_blend z  +2.2 ok  chosen/best 1.000 stable 4/4
finqa_toolfault_phi_p0.1               b400  pop 0.031 pilot 0.005 -> mean_blend z  +1.1 ok  chosen/best 1.000 stable 4/4
finqa_toolfault_unitcheck_qwen_p0.01   b100  pop 0.000 pilot 0.000 -> mean_blend z  +3.7 ok  chosen/best 1.000 stable 4/4
finqa_toolfault_unitcheck_qwen_p0.01   b200  pop 0.000 pilot 0.000 -> mean_blend z  +7.9 ok  chosen/best 1.000 stable 4/4
finqa_toolfault_unitcheck_qwen_p0.01   b400  pop 0.000 pilot 0.000 -> mean_blend z  +6.3 ok  chosen/best 1.000 stable 4/4
finqa_toolfault_unitcheck_qwen_p0.03   b100  pop 0.000 pilot 0.000 -> mean_blend z  +4.2 ok  chosen/best 1.000 stable 4/4
finqa_toolfault_unitcheck_qwen_p0.03   b200  pop 0.000 pilot 0.009 -> mean_blend z  +8.8 ok  chosen/best 1.000 stable 4/4
finqa_toolfault_unitcheck_qwen_p0.03   b400  pop 0.000 pilot 0.000 -> mean_blend z  +7.9 ok  chosen/best 1.000 stable 4/4
finqa_toolfault_unitcheck_qwen_p0.1    b100  pop 0.000 pilot 0.000 -> mean_blend z  +6.7 ok  chosen/best 1.000 stable 4/4
finqa_toolfault_unitcheck_qwen_p0.1    b200  pop 0.000 pilot 0.000 -> mean_blend z  +9.7 ok  chosen/best 1.000 stable 4/4
finqa_toolfault_unitcheck_qwen_p0.1    b400  pop 0.000 pilot 0.000 -> mean_blend z  +8.5 ok  chosen/best 1.000 stable 4/4
finqa_toolfault_unitcheck_phi_p0.01    b100  pop 0.064 pilot 0.000 -> mean_blend z  -0.7 ok  chosen/best 1.012 stable 2/4
finqa_toolfault_unitcheck_phi_p0.01    b200  pop 0.064 pilot 0.092 -> mean_blend z  -0.0 ok  chosen/best 1.000 stable 4/4
finqa_toolfault_unitcheck_phi_p0.01    b400  pop 0.064 pilot 0.000 -> mean_blend z  +1.9 ok  chosen/best 1.000 stable 3/4
finqa_toolfault_unitcheck_phi_p0.03    b100  pop 0.063 pilot 0.046 -> mean_blend z  +0.3 ok  chosen/best 1.000 stable 3/4
finqa_toolfault_unitcheck_phi_p0.03    b200  pop 0.063 pilot 0.000 -> mean_blend z  +2.2 ok  chosen/best 1.000 stable 4/4
finqa_toolfault_unitcheck_phi_p0.03    b400  pop 0.063 pilot 0.115 -> mean_blend z  +1.1 ok  chosen/best 1.000 stable 4/4
finqa_toolfault_unitcheck_phi_p0.1     b100  pop 0.063 pilot 0.000 -> mean_blend z  -0.5 ok  chosen/best 1.008 stable 4/4
finqa_toolfault_unitcheck_phi_p0.1     b200  pop 0.063 pilot 0.218 -> anchor     z  +1.7 ok  chosen/best 1.036 stable 0/4
finqa_toolfault_unitcheck_phi_p0.1     b400  pop 0.063 pilot 0.120 -> mean_blend z  +0.2 ok  chosen/best 1.000 stable 4/4
{
 "threshold": 0.21,
 "cells": 148,
 "bad_choices": 7,
 "chosen_over_best_median": 1.0,
 "chosen_over_best_max": 2.330843717126099,
 "spearman_pilot_vs_population": 0.8577860006167128
}
